<?xml version="1.0" encoding="UTF-8"?>
<TestRun id="d7ae8d94-60d2-4664-8764-dafd57ff1a89" name="Ajit@AJIT-PC 2012-01-10 01:16:06" runUser="Ajit-PC\Ajit" xmlns="http://microsoft.com/schemas/VisualStudio/TeamTest/2010">
  <TestSettings name="Local" id="ad7f4b70-9df9-4ebd-aac0-e9a7fcef6175">
    <Description>These are default test settings for a local test run.</Description>
    <Deployment enabled="false" runDeploymentRoot="Ajit_AJIT-PC 2012-01-10 01_16_06">
      <DeploymentItem filename="D:\ajit\RND\Solar\EntityFrameworkTest\EntityFrameworkTest\bin\Debug\EntityFrameworkTest.dll" />
    </Deployment>
    <Execution>
      <TestTypeSpecific />
      <AgentRule name="Execution Agents">
      </AgentRule>
    </Execution>
  </TestSettings>
  <Times creation="2012-01-10T01:16:06.8989153+01:00" queuing="2012-01-10T01:16:07.0889261+01:00" start="2012-01-10T01:16:07.1259282+01:00" finish="2012-01-10T01:16:08.2079901+01:00" />
  <ResultSummary outcome="Completed">
    <Counters total="1" executed="1" passed="1" error="0" failed="0" timeout="0" aborted="0" inconclusive="0" passedButRunAborted="0" notRunnable="0" notExecuted="0" disconnected="0" warning="0" completed="0" inProgress="0" pending="0" />
  </ResultSummary>
  <TestDefinitions>
    <UnitTest name="TestProductEditAutoMapping" storage="d:\ajit\rnd\solar\entityframeworktest\entityframeworktest.test\bin\debug\entityframeworktest.test.dll" id="e900d03f-0d45-4698-0cf1-5f5cf75c61f1">
      <Execution id="7b816cdc-0840-4522-89d4-9184745fe18b" />
      <TestMethod codeBase="D:/ajit/RND/Solar/EntityFrameworkTest/EntityFrameworkTest.Test/bin/Debug/EntityFrameworkTest.Test.DLL" adapterTypeName="Microsoft.VisualStudio.TestTools.TestTypes.Unit.UnitTestAdapter, Microsoft.VisualStudio.QualityTools.Tips.UnitTest.Adapter, Version=10.0.0.0, Culture=neutral, PublicKeyToken=b03f5f7f11d50a3a" className="EntityFrameworkTest.Test.ProductContextTest, EntityFrameworkTest.Test, Version=1.0.0.0, Culture=neutral, PublicKeyToken=null" name="TestProductEditAutoMapping" />
    </UnitTest>
  </TestDefinitions>
  <TestLists>
    <TestList name="Results Not in a List" id="8c84fa94-04c1-424b-9868-57a2d4851a1d" />
    <TestList name="All Loaded Results" id="19431567-8539-422a-85d7-44ee4e166bda" />
  </TestLists>
  <TestEntries>
    <TestEntry testId="e900d03f-0d45-4698-0cf1-5f5cf75c61f1" executionId="7b816cdc-0840-4522-89d4-9184745fe18b" testListId="8c84fa94-04c1-424b-9868-57a2d4851a1d" />
  </TestEntries>
  <Results>
    <UnitTestResult executionId="7b816cdc-0840-4522-89d4-9184745fe18b" testId="e900d03f-0d45-4698-0cf1-5f5cf75c61f1" testName="TestProductEditAutoMapping" computerName="AJIT-PC" duration="00:00:00.7086115" startTime="2012-01-10T01:16:07.1359288+01:00" endTime="2012-01-10T01:16:08.1719881+01:00" testType="13cdc9d9-ddb5-4fa4-a97d-d965ccfc6d4b" outcome="Passed" testListId="8c84fa94-04c1-424b-9868-57a2d4851a1d" relativeResultsDirectory="7b816cdc-0840-4522-89d4-9184745fe18b">
    </UnitTestResult>
  </Results>
</TestRun>